// Jest Snapshot v1, https://goo.gl/fbAQLP

exports[`<Item /> matches the snapshot 1`] = `
<ItemStyles__Item>
  <Link
    href={
      Object {
        "pathname": "/item",
        "query": Object {
          "id": "abc123",
        },
      }
    }
  >
    <a>
      <img
        alt="Sukulent"
        src="sukulent-small.jpg"
      />
      <Title>
        <h3>
          Sukulent
        </h3>
      </Title>
      <PriceTag>
        7,99 zł
      </PriceTag>
      <p>
        Zielony sukulent
      </p>
    </a>
  </Link>
  <div
    className="buttonList"
  >
    <Link
      href={
        Object {
          "pathname": "/update",
          "query": Object {
            "id": "abc123",
          },
        }
      }
    >
      <a>
        Edytuj 📝
      </a>
    </Link>
    <AddToCart
      id="abc123"
    />
    <DeleteItem
      id="abc123"
      image="sukulent-small.jpg"
      page={1}
    >
      ❎ Usuń przedmiot
    </DeleteItem>
  </div>
</ItemStyles__Item>
`;
